Looking in indexes: https://download.pytorch.org/whl/cpu
Collecting torch
  Downloading torch-2.13.0%2Bcpu-cp313-cp313-manylinux_2_28_x86_64.whl.metadata (37 kB)
Collecting torchvision
  Downloading torchvision-0.28.0%2Bcpu-cp313-cp313-manylinux_2_28_x86_64.whl.metadata (5.6 kB)
Collecting filelock (from torch)
  Downloading filelock-3.32.3-py3-none-any.whl.metadata (2.0 kB)
Collecting typing-extensions>=4.10.0 (from torch)
  Using cached typing_extensions-4.16.0-py3-none-any.whl.metadata (3.3 kB)
Collecting setuptools>=77.0.3 (from torch)
  Downloading setuptools-78.1.0-py3-none-any.whl.metadata (6.6 kB)
Collecting sympy>=1.13.3 (from torch)
  Using cached sympy-1.14.0-py3-none-any.whl.metadata (12 kB)
Collecting networkx>=2.5.1 (from torch)
  Using cached networkx-3.6.1-py3-none-any.whl.metadata (6.8 kB)
Collecting jinja2 (from torch)
  Downloading jinja2-3.1.6-py3-none-any.whl.metadata (2.9 kB)
Collecting fsspec>=0.8.5 (from torch)
  Downloading fsspec-2026.7.0-py3-none-any.whl.metadata (10 kB)
Collecting numpy (from torchvision)
  Using cached numpy-2.5.2-cp313-cp313-manylinux_2_27_x86_64.manylinux_2_28_x86_64.whl.metadata (6.6 kB)
Collecting pillow!=8.3.*,>=5.3.0 (from torchvision)
  Using cached pillow-12.3.0-cp313-cp313-manylinux_2_27_x86_64.manylinux_2_28_x86_64.whl.metadata (9.1 kB)
Collecting mpmath<1.4,>=1.1.0 (from sympy>=1.13.3->torch)
  Using cached mpmath-1.3.0-py3-none-any.whl.metadata (8.6 kB)
Collecting MarkupSafe>=2.0 (from jinja2->torch)
  Downloading markupsafe-3.0.3-cp313-cp313-manylinux2014_x86_64.manylinux_2_17_x86_64.manylinux_2_28_x86_64.whl.metadata (2.7 kB)
Downloading torch-2.13.0%2Bcpu-cp313-cp313-manylinux_2_28_x86_64.whl (191.8 MB)
   ━━━━━━━━━━━━━━━━━━━━━━━━━━━━━━━━━━━━━━━━ 191.8/191.8 MB 464.8 kB/s  0:04:58
Downloading torchvision-0.28.0%2Bcpu-cp313-cp313-manylinux_2_28_x86_64.whl (1.8 MB)
   ━━━━━━━━━━━━━━━━━━━━━━━━━━━━━━━━━━━━━━━━ 1.8/1.8 MB 214.3 kB/s  0:00:07
Downloading fsspec-2026.7.0-py3-none-any.whl (206 kB)
Using cached networkx-3.6.1-py3-none-any.whl (2.1 MB)
Using cached pillow-12.3.0-cp313-cp313-manylinux_2_27_x86_64.manylinux_2_28_x86_64.whl (6.9 MB)
Downloading setuptools-78.1.0-py3-none-any.whl (1.3 MB)
   ━━━━━━━━━━━━━━━━━━━━━━━━━━━━━━━━━━━━━━━━ 1.3/1.3 MB 617.7 kB/s  0:00:02
Using cached sympy-1.14.0-py3-none-any.whl (6.3 MB)
Using cached mpmath-1.3.0-py3-none-any.whl (536 kB)
Using cached typing_extensions-4.16.0-py3-none-any.whl (45 kB)
Downloading filelock-3.32.3-py3-none-any.whl (98 kB)
Downloading jinja2-3.1.6-py3-none-any.whl (134 kB)
Downloading markupsafe-3.0.3-cp313-cp313-manylinux2014_x86_64.manylinux_2_17_x86_64.manylinux_2_28_x86_64.whl (22 kB)
Using cached numpy-2.5.2-cp313-cp313-manylinux_2_27_x86_64.manylinux_2_28_x86_64.whl (16.7 MB)
Installing collected packages: mpmath, typing-extensions, sympy, setuptools, pillow, numpy, networkx, MarkupSafe, fsspec, filelock, jinja2, torch, torchvision

Successfully installed MarkupSafe-3.0.3 filelock-3.32.3 fsspec-2026.7.0 jinja2-3.1.6 mpmath-1.3.0 networkx-3.6.1 numpy-2.5.2 pillow-12.3.0 setuptools-78.1.0 sympy-1.14.0 torch-2.13.0+cpu torchvision-0.28.0+cpu typing-extensions-4.16.0
Collecting docling
  Downloading docling-2.120.1-py3-none-any.whl.metadata (11 kB)
Collecting docling-slim==2.120.1 (from docling-slim[standard]==2.120.1->docling)
  Downloading docling_slim-2.120.1-py3-none-any.whl.metadata (18 kB)
Collecting certifi>=2024.7.4 (from docling-slim==2.120.1->docling-slim[standard]==2.120.1->docling)
  Using cached certifi-2026.7.22-py3-none-any.whl.metadata (2.5 kB)
Collecting docling-core<3.0.0,>=2.91.0 (from docling-slim==2.120.1->docling-slim[standard]==2.120.1->docling)
  Downloading docling_core-2.91.0-py3-none-any.whl.metadata (8.6 kB)
Collecting filetype<2.0.0,>=1.2.0 (from docling-slim==2.120.1->docling-slim[standard]==2.120.1->docling)
  Using cached filetype-1.2.0-py2.py3-none-any.whl.metadata (6.5 kB)
Collecting pluggy<2.0.0,>=1.0.0 (from docling-slim==2.120.1->docling-slim[standard]==2.120.1->docling)
  Using cached pluggy-1.6.0-py3-none-any.whl.metadata (4.8 kB)
Collecting pydantic-settings<3.0.0,>=2.3.0 (from docling-slim==2.120.1->docling-slim[standard]==2.120.1->docling)
  Downloading pydantic_settings-2.15.0-py3-none-any.whl.metadata (3.9 kB)
Collecting pydantic<3.0.0,>=2.0.0 (from docling-slim==2.120.1->docling-slim[standard]==2.120.1->docling)
  Using cached pydantic-2.13.4-py3-none-any.whl.metadata (109 kB)
Collecting requests<3.0.0,>=2.32.2 (from docling-slim==2.120.1->docling-slim[standard]==2.120.1->docling)
  Using cached requests-2.34.2-py3-none-any.whl.metadata (4.8 kB)
Collecting tqdm<5.0.0,>=4.65.0 (from docling-slim==2.120.1->docling-slim[standard]==2.120.1->docling)
  Using cached tqdm-4.70.0-py3-none-any.whl.metadata (57 kB)
Collecting accelerate<2,>=1.0.0 (from docling-slim[standard]==2.120.1->docling)
  Using cached accelerate-1.14.0-py3-none-any.whl.metadata (19 kB)
Collecting beautifulsoup4<5.0.0,>=4.12.3 (from docling-slim[standard]==2.120.1->docling)
  Using cached beautifulsoup4-4.15.0-py3-none-any.whl.metadata (3.8 kB)
Collecting defusedxml<0.8.0,>=0.7.1 (from docling-slim[standard]==2.120.1->docling)
  Using cached defusedxml-0.7.1-py2.py3-none-any.whl.metadata (32 kB)
Collecting docling-ibm-models<4,>=3.13.0 (from docling-slim[standard]==2.120.1->docling)
  Downloading docling_ibm_models-3.14.0-py3-none-any.whl.metadata (7.4 kB)
Collecting docling-parse<8.0.0,>=7.0.0 (from docling-slim[standard]==2.120.1->docling)
  Downloading docling_parse-7.13.0-cp313-cp313-manylinux_2_27_x86_64.manylinux_2_28_x86_64.whl.metadata (13 kB)
Collecting httpx<1.0.0,>=0.28 (from docling-slim[standard]==2.120.1->docling)
  Using cached httpx-0.28.1-py3-none-any.whl.metadata (7.1 kB)
Collecting huggingface-hub<2,>=0.23 (from docling-slim[standard]==2.120.1->docling)
  Downloading huggingface_hub-1.27.0-py3-none-any.whl.metadata (16 kB)
Collecting mail-parser<5.0.0,>=4.1.4 (from docling-slim[standard]==2.120.1->docling)
  Downloading mail_parser-4.6.2-py3-none-any.whl.metadata (24 kB)
Collecting marko<3.0.0,>=2.1.2 (from docling-slim[standard]==2.120.1->docling)
  Downloading marko-2.2.4-py3-none-any.whl.metadata (4.5 kB)
Requirement already satisfied: numpy<3.0.0,>=1.24.0 in ./envs/docling/lib/python3.13/site-packages (from docling-slim[standard]==2.120.1->docling) (2.5.2)
Collecting openpyxl<4.0.0,>=3.1.5 (from docling-slim[standard]==2.120.1->docling)
  Using cached openpyxl-3.1.5-py2.py3-none-any.whl.metadata (2.5 kB)
Requirement already satisfied: pillow<13.0.0,>=10.0.0 in ./envs/docling/lib/python3.13/site-packages (from docling-slim[standard]==2.120.1->docling) (12.3.0)
Collecting polyfactory>=2.22.2 (from docling-slim[standard]==2.120.1->docling)
  Downloading polyfactory-3.3.0-py3-none-any.whl.metadata (27 kB)
Collecting pylatexenc<3.0,>=2.10 (from docling-slim[standard]==2.120.1->docling)
  Downloading pylatexenc-2.11-py2.py3-none-any.whl.metadata (3.9 kB)
Collecting pypdfium2!=4.30.1,<6.0.0,>=4.30.0 (from docling-slim[standard]==2.120.1->docling)
  Downloading pypdfium2-5.13.0-py3-none-manylinux_2_17_x86_64.manylinux2014_x86_64.whl.metadata (66 kB)
Collecting python-docx<2.0.0,>=1.2.0 (from docling-slim[standard]==2.120.1->docling)
  Using cached python_docx-1.2.0-py3-none-any.whl.metadata (2.0 kB)
Collecting python-dotenv~=1.0 (from docling-slim[standard]==2.120.1->docling)
  Using cached python_dotenv-1.2.2-py3-none-any.whl.metadata (27 kB)
Collecting python-oxmsg<0.1.0,>=0.0.2 (from docling-slim[standard]==2.120.1->docling)
  Using cached python_oxmsg-0.0.2-py3-none-any.whl.metadata (5.0 kB)
Collecting python-pptx<2.0.0,>=1.0.2 (from docling-slim[standard]==2.120.1->docling)
  Downloading python_pptx-1.0.2-py3-none-any.whl.metadata (2.5 kB)
Collecting rapidocr<4.0.0,>=3.9.1 (from docling-slim[standard]==2.120.1->docling)
  Downloading rapidocr-3.9.2-py3-none-any.whl.metadata (1.1 kB)
Collecting rich>=13.0.0 (from docling-slim[standard]==2.120.1->docling)
  Using cached rich-15.0.0-py3-none-any.whl.metadata (18 kB)
Collecting rtree<2.0.0,>=1.3.0 (from docling-slim[standard]==2.120.1->docling)
  Downloading rtree-1.4.1-py3-none-manylinux_2_24_x86_64.manylinux_2_28_x86_64.whl.metadata (2.1 kB)
Collecting scipy<2.0.0,>=1.6.0 (from docling-slim[standard]==2.120.1->docling)
  Using cached scipy-1.18.0-cp313-cp313-manylinux_2_27_x86_64.manylinux_2_28_x86_64.whl.metadata (62 kB)
Requirement already satisfied: torch<3.0.0,>=2.2.2 in ./envs/docling/lib/python3.13/site-packages (from docling-slim[standard]==2.120.1->docling) (2.13.0+cpu)
Requirement already satisfied: torchvision<1,>=0 in ./envs/docling/lib/python3.13/site-packages (from docling-slim[standard]==2.120.1->docling) (0.28.0+cpu)
Collecting typer<0.27.0,>=0.12.5 (from docling-slim[standard]==2.120.1->docling)
  Downloading typer-0.26.8-py3-none-any.whl.metadata (15 kB)
Collecting websockets<17.0,>=14.0 (from docling-slim[standard]==2.120.1->docling)
  Downloading websockets-16.1.1-cp313-cp313-manylinux1_x86_64.manylinux_2_28_x86_64.manylinux_2_5_x86_64.whl.metadata (6.8 kB)
Collecting packaging>=20.0 (from accelerate<2,>=1.0.0->docling-slim[standard]==2.120.1->docling)
  Using cached packaging-26.3-py3-none-any.whl.metadata (3.5 kB)
Collecting psutil (from accelerate<2,>=1.0.0->docling-slim[standard]==2.120.1->docling)
  Using cached psutil-7.2.2-cp36-abi3-manylinux2010_x86_64.manylinux_2_12_x86_64.manylinux_2_28_x86_64.whl.metadata (22 kB)
Collecting pyyaml (from accelerate<2,>=1.0.0->docling-slim[standard]==2.120.1->docling)
  Using cached pyyaml-6.0.3-cp313-cp313-manylinux2014_x86_64.manylinux_2_17_x86_64.manylinux_2_28_x86_64.whl.metadata (2.4 kB)
Collecting safetensors>=0.4.3 (from accelerate<2,>=1.0.0->docling-slim[standard]==2.120.1->docling)
  Using cached safetensors-0.8.0-cp310-abi3-manylinux_2_17_x86_64.manylinux2014_x86_64.whl.metadata (4.2 kB)
Collecting soupsieve>=1.6.1 (from beautifulsoup4<5.0.0,>=4.12.3->docling-slim[standard]==2.120.1->docling)
  Downloading soupsieve-2.9.2-py3-none-any.whl.metadata (4.6 kB)
Requirement already satisfied: typing-extensions>=4.0.0 in ./envs/docling/lib/python3.13/site-packages (from beautifulsoup4<5.0.0,>=4.12.3->docling-slim[standard]==2.120.1->docling) (4.16.0)
Collecting jsonschema<5.0.0,>=4.16.0 (from docling-core<3.0.0,>=2.91.0->docling-slim==2.120.1->docling-slim[standard]==2.120.1->docling)
  Using cached jsonschema-4.26.0-py3-none-any.whl.metadata (7.6 kB)
Collecting jsonref<2.0.0,>=1.1.0 (from docling-core<3.0.0,>=2.91.0->docling-slim==2.120.1->docling-slim[standard]==2.120.1->docling)
  Downloading jsonref-1.1.0-py3-none-any.whl.metadata (2.7 kB)
Collecting tabulate<0.11.0,>=0.9.0 (from docling-core<3.0.0,>=2.91.0->docling-slim==2.120.1->docling-slim[standard]==2.120.1->docling)
  Using cached tabulate-0.10.0-py3-none-any.whl.metadata (40 kB)
Collecting pandas<4.0.0,>=2.1.4 (from docling-core<3.0.0,>=2.91.0->docling-slim==2.120.1->docling-slim[standard]==2.120.1->docling)
  Using cached pandas-3.0.5-cp313-cp313-manylinux_2_24_x86_64.manylinux_2_28_x86_64.whl.metadata (79 kB)
Collecting latex2mathml<4.0.0,>=3.77.0 (from docling-core<3.0.0,>=2.91.0->docling-slim==2.120.1->docling-slim[standard]==2.120.1->docling)
  Downloading latex2mathml-3.81.0-py3-none-any.whl.metadata (15 kB)
Collecting doclang<0.8,>=0.7 (from docling-core<3.0.0,>=2.91.0->docling-slim==2.120.1->docling-slim[standard]==2.120.1->docling)
  Downloading doclang-0.7.3-py3-none-any.whl.metadata (4.6 kB)
Collecting lxml>=4.8.0 (from doclang<0.8,>=0.7->docling-core<3.0.0,>=2.91.0->docling-slim==2.120.1->docling-slim[standard]==2.120.1->docling)
  Using cached lxml-6.1.1-cp313-cp313-manylinux_2_26_x86_64.manylinux_2_28_x86_64.whl.metadata (3.5 kB)
Collecting semchunk<4.0.0,>=2.2.0 (from docling-core[chunking]<3.0.0,>=2.73.0; extra == "standard"->docling-slim[standard]==2.120.1->docling)
  Downloading semchunk-3.2.5-py3-none-any.whl.metadata (14 kB)
Collecting tree-sitter<0.27.0,>=0.25.0 (from docling-core[chunking]<3.0.0,>=2.73.0; extra == "standard"->docling-slim[standard]==2.120.1->docling)
  Downloading tree_sitter-0.26.0-cp313-cp313-manylinux2014_x86_64.manylinux_2_17_x86_64.manylinux_2_28_x86_64.whl.metadata (10 kB)
Collecting tree-sitter-python>=0.23.6 (from docling-core[chunking]<3.0.0,>=2.73.0; extra == "standard"->docling-slim[standard]==2.120.1->docling)
  Downloading tree_sitter_python-0.25.0-cp310-abi3-manylinux1_x86_64.manylinux_2_28_x86_64.manylinux_2_5_x86_64.whl.metadata (1.9 kB)
Collecting tree-sitter-c>=0.23.4 (from docling-core[chunking]<3.0.0,>=2.73.0; extra == "standard"->docling-slim[standard]==2.120.1->docling)
  Downloading tree_sitter_c-0.24.2-cp310-abi3-manylinux1_x86_64.manylinux_2_28_x86_64.manylinux_2_5_x86_64.whl.metadata (1.8 kB)
Collecting tree-sitter-javascript>=0.23.1 (from docling-core[chunking]<3.0.0,>=2.73.0; extra == "standard"->docling-slim[standard]==2.120.1->docling)
  Downloading tree_sitter_javascript-0.25.0-cp310-abi3-manylinux1_x86_64.manylinux_2_28_x86_64.manylinux_2_5_x86_64.whl.metadata (2.2 kB)
Collecting tree-sitter-typescript>=0.23.2 (from docling-core[chunking]<3.0.0,>=2.73.0; extra == "standard"->docling-slim[standard]==2.120.1->docling)
  Downloading tree_sitter_typescript-0.23.2-cp39-abi3-manylinux_2_5_x86_64.manylinux1_x86_64.manylinux_2_17_x86_64.manylinux2014_x86_64.whl.metadata (2.3 kB)
Collecting transformers!=5.0.*,!=5.1.*,!=5.2.*,!=5.3.*,<6.0.0,>=4.34.0 (from docling-core[chunking]<3.0.0,>=2.73.0; extra == "standard"->docling-slim[standard]==2.120.1->docling)
  Downloading transformers-5.15.0-py3-none-any.whl.metadata (32 kB)
Collecting jsonlines<5.0.0,>=3.1.0 (from docling-ibm-models<4,>=3.13.0->docling-slim[standard]==2.120.1->docling)
  Downloading jsonlines-4.0.0-py3-none-any.whl.metadata (1.6 kB)
Collecting anyio (from httpx<1.0.0,>=0.28->docling-slim[standard]==2.120.1->docling)
  Using cached anyio-4.14.2-py3-none-any.whl.metadata (4.6 kB)
Collecting httpcore==1.* (from httpx<1.0.0,>=0.28->docling-slim[standard]==2.120.1->docling)
  Using cached httpcore-1.0.9-py3-none-any.whl.metadata (21 kB)
Collecting idna (from httpx<1.0.0,>=0.28->docling-slim[standard]==2.120.1->docling)
  Using cached idna-3.18-py3-none-any.whl.metadata (6.1 kB)
Collecting h11>=0.16 (from httpcore==1.*->httpx<1.0.0,>=0.28->docling-slim[standard]==2.120.1->docling)
  Using cached h11-0.16.0-py3-none-any.whl.metadata (8.3 kB)
Collecting click<9.0.0,>=8.4.2 (from huggingface-hub<2,>=0.23->docling-slim[standard]==2.120.1->docling)
  Using cached click-8.4.2-py3-none-any.whl.metadata (2.6 kB)
Requirement already satisfied: filelock>=3.10.0 in ./envs/docling/lib/python3.13/site-packages (from huggingface-hub<2,>=0.23->docling-slim[standard]==2.120.1->docling) (3.32.3)
Requirement already satisfied: fsspec>=2023.5.0 in ./envs/docling/lib/python3.13/site-packages (from huggingface-hub<2,>=0.23->docling-slim[standard]==2.120.1->docling) (2026.7.0)
Collecting hf-xet<2.0.0,>=1.5.2 (from huggingface-hub<2,>=0.23->docling-slim[standard]==2.120.1->docling)
  Downloading hf_xet-1.6.0-cp38-abi3-manylinux2014_x86_64.manylinux_2_17_x86_64.whl.metadata (4.9 kB)
Collecting attrs>=19.2.0 (from jsonlines<5.0.0,>=3.1.0->docling-ibm-models<4,>=3.13.0->docling-slim[standard]==2.120.1->docling)
  Using cached attrs-26.1.0-py3-none-any.whl.metadata (8.8 kB)
Collecting jsonschema-specifications>=2023.03.6 (from jsonschema<5.0.0,>=4.16.0->docling-core<3.0.0,>=2.91.0->docling-slim==2.120.1->docling-slim[standard]==2.120.1->docling)
  Using cached jsonschema_specifications-2025.9.1-py3-none-any.whl.metadata (2.9 kB)
Collecting referencing>=0.28.4 (from jsonschema<5.0.0,>=4.16.0->docling-core<3.0.0,>=2.91.0->docling-slim==2.120.1->docling-slim[standard]==2.120.1->docling)
  Using cached referencing-0.37.0-py3-none-any.whl.metadata (2.8 kB)
Collecting rpds-py>=0.25.0 (from jsonschema<5.0.0,>=4.16.0->docling-core<3.0.0,>=2.91.0->docling-slim==2.120.1->docling-slim[standard]==2.120.1->docling)
  Using cached rpds_py-2026.6.3-cp313-cp313-manylinux_2_17_x86_64.manylinux2014_x86_64.whl.metadata (4.1 kB)
Collecting et-xmlfile (from openpyxl<4.0.0,>=3.1.5->docling-slim[standard]==2.120.1->docling)
  Using cached et_xmlfile-2.0.0-py3-none-any.whl.metadata (2.7 kB)
Collecting python-dateutil>=2.8.2 (from pandas<4.0.0,>=2.1.4->docling-core<3.0.0,>=2.91.0->docling-slim==2.120.1->docling-slim[standard]==2.120.1->docling)
  Using cached python_dateutil-2.9.0.post0-py2.py3-none-any.whl.metadata (8.4 kB)
Collecting annotated-types>=0.6.0 (from pydantic<3.0.0,>=2.0.0->docling-slim==2.120.1->docling-slim[standard]==2.120.1->docling)
  Using cached annotated_types-0.8.0-py3-none-any.whl.metadata (15 kB)
Collecting pydantic-core==2.46.4 (from pydantic<3.0.0,>=2.0.0->docling-slim==2.120.1->docling-slim[standard]==2.120.1->docling)
  Using cached pydantic_core-2.46.4-cp313-cp313-manylinux_2_17_x86_64.manylinux2014_x86_64.whl.metadata (6.6 kB)
Collecting typing-inspection>=0.4.2 (from pydantic<3.0.0,>=2.0.0->docling-slim==2.120.1->docling-slim[standard]==2.120.1->docling)
  Using cached typing_inspection-0.4.4-py3-none-any.whl.metadata (2.6 kB)
Collecting olefile (from python-oxmsg<0.1.0,>=0.0.2->docling-slim[standard]==2.120.1->docling)
  Using cached olefile-0.47-py2.py3-none-any.whl.metadata (9.7 kB)
Collecting XlsxWriter>=0.5.7 (from python-pptx<2.0.0,>=1.0.2->docling-slim[standard]==2.120.1->docling)
  Downloading xlsxwriter-3.2.9-py3-none-any.whl.metadata (2.7 kB)
Collecting pyclipper>=1.2.0 (from rapidocr<4.0.0,>=3.9.1->docling-slim[standard]==2.120.1->docling)
  Downloading pyclipper-1.4.0-cp313-cp313-manylinux2014_x86_64.manylinux_2_17_x86_64.whl.metadata (8.6 kB)
Collecting opencv_python>=4.5.1.48 (from rapidocr<4.0.0,>=3.9.1->docling-slim[standard]==2.120.1->docling)
  Using cached opencv_python-5.0.0.93-cp37-abi3-manylinux_2_28_x86_64.whl.metadata (19 kB)
Collecting six>=1.15.0 (from rapidocr<4.0.0,>=3.9.1->docling-slim[standard]==2.120.1->docling)
  Using cached six-1.17.0-py2.py3-none-any.whl.metadata (1.7 kB)
Collecting Shapely!=2.0.4,>=1.7.1 (from rapidocr<4.0.0,>=3.9.1->docling-slim[standard]==2.120.1->docling)
  Downloading shapely-2.1.2-cp313-cp313-manylinux2014_x86_64.manylinux_2_17_x86_64.whl.metadata (6.8 kB)
Collecting omegaconf!=2.2.1 (from rapidocr<4.0.0,>=3.9.1->docling-slim[standard]==2.120.1->docling)
  Downloading omegaconf-2.3.1-py3-none-any.whl.metadata (4.5 kB)
Collecting colorlog (from rapidocr<4.0.0,>=3.9.1->docling-slim[standard]==2.120.1->docling)
  Downloading colorlog-6.12.0-py3-none-any.whl.metadata (11 kB)
Collecting charset_normalizer<4,>=2 (from requests<3.0.0,>=2.32.2->docling-slim==2.120.1->docling-slim[standard]==2.120.1->docling)
  Using cached charset_normalizer-3.5.0-cp313-cp313-manylinux2014_x86_64.manylinux_2_17_x86_64.manylinux_2_28_x86_64.whl.metadata (44 kB)
Collecting urllib3<3,>=1.26 (from requests<3.0.0,>=2.32.2->docling-slim==2.120.1->docling-slim[standard]==2.120.1->docling)
  Using cached urllib3-2.7.0-py3-none-any.whl.metadata (6.9 kB)
Collecting mpire[dill] (from semchunk<4.0.0,>=2.2.0->docling-core[chunking]<3.0.0,>=2.73.0; extra == "standard"->docling-slim[standard]==2.120.1->docling)
  Downloading mpire-2.10.2-py3-none-any.whl.metadata (14 kB)
Requirement already satisfied: setuptools>=77.0.3 in ./envs/docling/lib/python3.13/site-packages (from torch<3.0.0,>=2.2.2->docling-slim[standard]==2.120.1->docling) (78.1.0)
Requirement already satisfied: sympy>=1.13.3 in ./envs/docling/lib/python3.13/site-packages (from torch<3.0.0,>=2.2.2->docling-slim[standard]==2.120.1->docling) (1.14.0)
Requirement already satisfied: networkx>=2.5.1 in ./envs/docling/lib/python3.13/site-packages (from torch<3.0.0,>=2.2.2->docling-slim[standard]==2.120.1->docling) (3.6.1)
Requirement already satisfied: jinja2 in ./envs/docling/lib/python3.13/site-packages (from torch<3.0.0,>=2.2.2->docling-slim[standard]==2.120.1->docling) (3.1.6)
Collecting regex>=2025.10.22 (from transformers!=5.0.*,!=5.1.*,!=5.2.*,!=5.3.*,<6.0.0,>=4.34.0->docling-core[chunking]<3.0.0,>=2.73.0; extra == "standard"->docling-slim[standard]==2.120.1->docling)
  Using cached regex-2026.7.19-cp313-cp313-manylinux2014_x86_64.manylinux_2_17_x86_64.manylinux_2_28_x86_64.whl.metadata (40 kB)
Collecting tokenizers<=0.23.0,>=0.22.0 (from transformers!=5.0.*,!=5.1.*,!=5.2.*,!=5.3.*,<6.0.0,>=4.34.0->docling-core[chunking]<3.0.0,>=2.73.0; extra == "standard"->docling-slim[standard]==2.120.1->docling)
  Using cached tokenizers-0.22.2-cp39-abi3-manylinux_2_17_x86_64.manylinux2014_x86_64.whl.metadata (7.3 kB)
Collecting shellingham>=1.3.0 (from typer<0.27.0,>=0.12.5->docling-slim[standard]==2.120.1->docling)
  Using cached shellingham-1.5.4-py2.py3-none-any.whl.metadata (3.5 kB)
Collecting annotated-doc>=0.0.2 (from typer<0.27.0,>=0.12.5->docling-slim[standard]==2.120.1->docling)
  Using cached annotated_doc-0.0.5-py3-none-any.whl.metadata (6.5 kB)
Collecting antlr4-python3-runtime==4.9.* (from omegaconf!=2.2.1->rapidocr<4.0.0,>=3.9.1->docling-slim[standard]==2.120.1->docling)
  Downloading antlr4-python3-runtime-4.9.3.tar.gz (117 kB)
  Installing build dependencies: started
  Installing build dependencies: finished with status 'done'
  Getting requirements to build wheel: started
  Getting requirements to build wheel: finished with status 'done'
  Preparing metadata (pyproject.toml): started
  Preparing metadata (pyproject.toml): finished with status 'done'
Collecting faker>=5.0.0 (from polyfactory>=2.22.2->docling-slim[standard]==2.120.1->docling)
  Downloading faker-40.36.0-py3-none-any.whl.metadata (16 kB)
Collecting markdown-it-py>=2.2.0 (from rich>=13.0.0->docling-slim[standard]==2.120.1->docling)
  Using cached markdown_it_py-4.2.0-py3-none-any.whl.metadata (7.4 kB)
Collecting pygments<3.0.0,>=2.13.0 (from rich>=13.0.0->docling-slim[standard]==2.120.1->docling)
  Using cached pygments-2.20.0-py3-none-any.whl.metadata (2.5 kB)
Collecting mdurl~=0.1 (from markdown-it-py>=2.2.0->rich>=13.0.0->docling-slim[standard]==2.120.1->docling)
  Using cached mdurl-0.1.2-py3-none-any.whl.metadata (1.6 kB)
Requirement already satisfied: mpmath<1.4,>=1.1.0 in ./envs/docling/lib/python3.13/site-packages (from sympy>=1.13.3->torch<3.0.0,>=2.2.2->docling-slim[standard]==2.120.1->docling) (1.3.0)
Requirement already satisfied: MarkupSafe>=2.0 in ./envs/docling/lib/python3.13/site-packages (from jinja2->torch<3.0.0,>=2.2.2->docling-slim[standard]==2.120.1->docling) (3.0.3)
Collecting multiprocess>=0.70.15 (from mpire[dill]->semchunk<4.0.0,>=2.2.0->docling-core[chunking]<3.0.0,>=2.73.0; extra == "standard"->docling-slim[standard]==2.120.1->docling)
  Using cached multiprocess-0.70.19-py313-none-any.whl.metadata (7.5 kB)
Collecting dill>=0.4.1 (from multiprocess>=0.70.15->mpire[dill]->semchunk<4.0.0,>=2.2.0->docling-core[chunking]<3.0.0,>=2.73.0; extra == "standard"->docling-slim[standard]==2.120.1->docling)
  Using cached dill-0.4.1-py3-none-any.whl.metadata (10 kB)
Downloading docling-2.120.1-py3-none-any.whl (5.2 kB)
Downloading docling_slim-2.120.1-py3-none-any.whl (729 kB)
   ━━━━━━━━━━━━━━━━━━━━━━━━━━━━━━━━━━━━━━━━ 729.5/729.5 kB 166.8 kB/s  0:00:04
Using cached accelerate-1.14.0-py3-none-any.whl (389 kB)
Using cached beautifulsoup4-4.15.0-py3-none-any.whl (109 kB)
Using cached defusedxml-0.7.1-py2.py3-none-any.whl (25 kB)
Downloading docling_core-2.91.0-py3-none-any.whl (286 kB)
Downloading doclang-0.7.3-py3-none-any.whl (32 kB)
Downloading docling_ibm_models-3.14.0-py3-none-any.whl (94 kB)
Downloading docling_parse-7.13.0-cp313-cp313-manylinux_2_27_x86_64.manylinux_2_28_x86_64.whl (10.6 MB)
   ━━━━━━━━━━━━━━━━━━━━━━━━━━━━━━━━━━━━━━━━ 10.6/10.6 MB 436.7 kB/s  0:00:24
Using cached filetype-1.2.0-py2.py3-none-any.whl (19 kB)
Using cached httpx-0.28.1-py3-none-any.whl (73 kB)
Using cached httpcore-1.0.9-py3-none-any.whl (78 kB)
Downloading huggingface_hub-1.27.0-py3-none-any.whl (784 kB)
   ━━━━━━━━━━━━━━━━━━━━━━━━━━━━━━━━━━━━━━━━ 784.9/784.9 kB 668.0 kB/s  0:00:01
Using cached click-8.4.2-py3-none-any.whl (119 kB)
Downloading hf_xet-1.6.0-cp38-abi3-manylinux2014_x86_64.manylinux_2_17_x86_64.whl (4.5 MB)
   ━━━━━━━━━━━━━━━━━━━━━━━━━━━━━━━━━━━━━━━━ 4.5/4.5 MB 515.8 kB/s  0:00:08
Downloading jsonlines-4.0.0-py3-none-any.whl (8.7 kB)
Downloading jsonref-1.1.0-py3-none-any.whl (9.4 kB)
Using cached jsonschema-4.26.0-py3-none-any.whl (90 kB)
Downloading latex2mathml-3.81.0-py3-none-any.whl (79 kB)
Downloading mail_parser-4.6.2-py3-none-any.whl (46 kB)
Downloading marko-2.2.4-py3-none-any.whl (46 kB)
Using cached openpyxl-3.1.5-py2.py3-none-any.whl (250 kB)
Using cached pandas-3.0.5-cp313-cp313-manylinux_2_24_x86_64.manylinux_2_28_x86_64.whl (10.9 MB)
Using cached pluggy-1.6.0-py3-none-any.whl (20 kB)
Using cached pydantic-2.13.4-py3-none-any.whl (472 kB)
Using cached pydantic_core-2.46.4-cp313-cp313-manylinux_2_17_x86_64.manylinux2014_x86_64.whl (2.1 MB)
Downloading pydantic_settings-2.15.0-py3-none-any.whl (69 kB)
Downloading pylatexenc-2.11-py2.py3-none-any.whl (137 kB)
Downloading pypdfium2-5.13.0-py3-none-manylinux_2_17_x86_64.manylinux2014_x86_64.whl (3.7 MB)
   ━━━━━━━━━━━━━━━━━━━━━━━━━━━━━━━━━━━━━━━━ 3.7/3.7 MB 349.8 kB/s  0:00:10
Using cached python_docx-1.2.0-py3-none-any.whl (252 kB)
Using cached python_dotenv-1.2.2-py3-none-any.whl (22 kB)
Using cached python_oxmsg-0.0.2-py3-none-any.whl (31 kB)
Downloading python_pptx-1.0.2-py3-none-any.whl (472 kB)
Using cached pyyaml-6.0.3-cp313-cp313-manylinux2014_x86_64.manylinux_2_17_x86_64.manylinux_2_28_x86_64.whl (801 kB)
Downloading rapidocr-3.9.2-py3-none-any.whl (27.3 MB)
   ━━━━━━━━━━━━━━━━━━━━━━━━━━━━━━━━━━━━━━━━ 27.3/27.3 MB 612.1 kB/s  0:00:52
Using cached requests-2.34.2-py3-none-any.whl (73 kB)
Using cached charset_normalizer-3.5.0-cp313-cp313-manylinux2014_x86_64.manylinux_2_17_x86_64.manylinux_2_28_x86_64.whl (249 kB)
Using cached idna-3.18-py3-none-any.whl (65 kB)
Downloading rtree-1.4.1-py3-none-manylinux_2_24_x86_64.manylinux_2_28_x86_64.whl (507 kB)
Using cached safetensors-0.8.0-cp310-abi3-manylinux_2_17_x86_64.manylinux2014_x86_64.whl (516 kB)
Using cached scipy-1.18.0-cp313-cp313-manylinux_2_27_x86_64.manylinux_2_28_x86_64.whl (35.3 MB)
Downloading semchunk-3.2.5-py3-none-any.whl (13 kB)
Using cached tabulate-0.10.0-py3-none-any.whl (39 kB)
Using cached tqdm-4.70.0-py3-none-any.whl (80 kB)
Downloading transformers-5.15.0-py3-none-any.whl (11.7 MB)
   ━━━━━━━━━━━━━━━━━━━━━━━━━━━━━━━━━━━━━━━━ 11.7/11.7 MB 418.8 kB/s  0:00:27
Using cached tokenizers-0.22.2-cp39-abi3-manylinux_2_17_x86_64.manylinux2014_x86_64.whl (3.3 MB)
Downloading tree_sitter-0.26.0-cp313-cp313-manylinux2014_x86_64.manylinux_2_17_x86_64.manylinux_2_28_x86_64.whl (668 kB)
   ━━━━━━━━━━━━━━━━━━━━━━━━━━━━━━━━━━━━━━━━ 668.1/668.1 kB 743.6 kB/s  0:00:00
Downloading typer-0.26.8-py3-none-any.whl (122 kB)
Using cached urllib3-2.7.0-py3-none-any.whl (131 kB)
Downloading websockets-16.1.1-cp313-cp313-manylinux1_x86_64.manylinux_2_28_x86_64.manylinux_2_5_x86_64.whl (187 kB)
Downloading annotated_doc-0.0.5-py3-none-any.whl (5.3 kB)
Using cached annotated_types-0.8.0-py3-none-any.whl (13 kB)
Using cached attrs-26.1.0-py3-none-any.whl (67 kB)
Using cached certifi-2026.7.22-py3-none-any.whl (136 kB)
Using cached h11-0.16.0-py3-none-any.whl (37 kB)
Using cached jsonschema_specifications-2025.9.1-py3-none-any.whl (18 kB)
Using cached lxml-6.1.1-cp313-cp313-manylinux_2_26_x86_64.manylinux_2_28_x86_64.whl (5.2 MB)
Downloading omegaconf-2.3.1-py3-none-any.whl (79 kB)
Using cached opencv_python-5.0.0.93-cp37-abi3-manylinux_2_28_x86_64.whl (73.8 MB)
Using cached packaging-26.3-py3-none-any.whl (129 kB)
Downloading polyfactory-3.3.0-py3-none-any.whl (62 kB)
Downloading faker-40.36.0-py3-none-any.whl (2.1 MB)
   ━━━━━━━━━━━━━━━━━━━━━━━━━━━━━━━━━━━━━━━━ 2.1/2.1 MB 385.8 kB/s  0:00:05
Downloading pyclipper-1.4.0-cp313-cp313-manylinux2014_x86_64.manylinux_2_17_x86_64.whl (972 kB)
   ━━━━━━━━━━━━━━━━━━━━━━━━━━━━━━━━━━━━━━━━ 972.1/972.1 kB 656.0 kB/s  0:00:01
Using cached python_dateutil-2.9.0.post0-py2.py3-none-any.whl (229 kB)
Using cached referencing-0.37.0-py3-none-any.whl (26 kB)
Using cached regex-2026.7.19-cp313-cp313-manylinux2014_x86_64.manylinux_2_17_x86_64.manylinux_2_28_x86_64.whl (801 kB)
Using cached rich-15.0.0-py3-none-any.whl (310 kB)
Using cached pygments-2.20.0-py3-none-any.whl (1.2 MB)
Using cached markdown_it_py-4.2.0-py3-none-any.whl (91 kB)
Using cached mdurl-0.1.2-py3-none-any.whl (10.0 kB)
Using cached rpds_py-2026.6.3-cp313-cp313-manylinux_2_17_x86_64.manylinux2014_x86_64.whl (365 kB)
Downloading shapely-2.1.2-cp313-cp313-manylinux2014_x86_64.manylinux_2_17_x86_64.whl (3.1 MB)
   ━━━━━━━━━━━━━━━━━━━━━━━━━━━━━━━━━━━━━━━━ 3.1/3.1 MB 519.2 kB/s  0:00:05
Using cached shellingham-1.5.4-py2.py3-none-any.whl (9.8 kB)
Using cached six-1.17.0-py2.py3-none-any.whl (11 kB)
Downloading soupsieve-2.9.2-py3-none-any.whl (37 kB)
Downloading tree_sitter_c-0.24.2-cp310-abi3-manylinux1_x86_64.manylinux_2_28_x86_64.manylinux_2_5_x86_64.whl (94 kB)
Downloading tree_sitter_javascript-0.25.0-cp310-abi3-manylinux1_x86_64.manylinux_2_28_x86_64.manylinux_2_5_x86_64.whl (99 kB)
Downloading tree_sitter_python-0.25.0-cp310-abi3-manylinux1_x86_64.manylinux_2_28_x86_64.manylinux_2_5_x86_64.whl (108 kB)
Downloading tree_sitter_typescript-0.23.2-cp39-abi3-manylinux_2_5_x86_64.manylinux1_x86_64.manylinux_2_17_x86_64.manylinux2014_x86_64.whl (344 kB)
Using cached typing_inspection-0.4.4-py3-none-any.whl (14 kB)
Downloading xlsxwriter-3.2.9-py3-none-any.whl (175 kB)
Using cached anyio-4.14.2-py3-none-any.whl (125 kB)
Downloading colorlog-6.12.0-py3-none-any.whl (12 kB)
Using cached et_xmlfile-2.0.0-py3-none-any.whl (18 kB)
Downloading mpire-2.10.2-py3-none-any.whl (272 kB)
Using cached multiprocess-0.70.19-py313-none-any.whl (156 kB)
Using cached dill-0.4.1-py3-none-any.whl (120 kB)
Using cached olefile-0.47-py2.py3-none-any.whl (114 kB)
Using cached psutil-7.2.2-cp36-abi3-manylinux2010_x86_64.manylinux_2_12_x86_64.manylinux_2_28_x86_64.whl (155 kB)
Building wheels for collected packages: antlr4-python3-runtime
  Building wheel for antlr4-python3-runtime (pyproject.toml): started
  Building wheel for antlr4-python3-runtime (pyproject.toml): finished with status 'done'
  Created wheel for antlr4-python3-runtime: filename=antlr4_python3_runtime-4.9.3-py3-none-any.whl size=144590 sha256=73c808b6b83a8d7cbcd63f534e8d31fe79788a1e71f96a91e7c426ef803a306e
  Stored in directory: <home>/.cache/pip/wheels/d5/b3/74/a35b66048c9de6631cd74cbc9475e6feb3e69a467983446bd8
Successfully built antlr4-python3-runtime
Installing collected packages: pylatexenc, filetype, antlr4-python3-runtime, XlsxWriter, websockets, urllib3, typing-inspection, tree-sitter-typescript, tree-sitter-python, tree-sitter-javascript, tree-sitter-c, tree-sitter, tqdm, tabulate, soupsieve, six, shellingham, Shapely, scipy, safetensors, rtree, rpds-py, regex, pyyaml, python-dotenv, pypdfium2, pygments, pydantic-core, pyclipper, psutil, pluggy, packaging, opencv_python, olefile, mdurl, marko, mail-parser, lxml, latex2mathml, jsonref, idna, hf-xet, h11, faker, et-xmlfile, dill, defusedxml, colorlog, click, charset_normalizer, certifi, attrs, annotated-types, annotated-doc, requests, referencing, python-pptx, python-oxmsg, python-docx, python-dateutil, pydantic, polyfactory, openpyxl, omegaconf, multiprocess, mpire, markdown-it-py, jsonlines, httpcore, beautifulsoup4, anyio, rich, rapidocr, pydantic-settings, pandas, jsonschema-specifications, httpx, typer, semchunk, jsonschema, huggingface-hub, tokenizers, doclang, accelerate, transformers, docling-core, docling-slim, docling-parse, docling-ibm-models, docling

Successfully installed Shapely-2.1.2 XlsxWriter-3.2.9 accelerate-1.14.0 annotated-doc-0.0.5 annotated-types-0.8.0 antlr4-python3-runtime-4.9.3 anyio-4.14.2 attrs-26.1.0 beautifulsoup4-4.15.0 certifi-2026.7.22 charset_normalizer-3.5.0 click-8.4.2 colorlog-6.12.0 defusedxml-0.7.1 dill-0.4.1 doclang-0.7.3 docling-2.120.1 docling-core-2.91.0 docling-ibm-models-3.14.0 docling-parse-7.13.0 docling-slim-2.120.1 et-xmlfile-2.0.0 faker-40.36.0 filetype-1.2.0 h11-0.16.0 hf-xet-1.6.0 httpcore-1.0.9 httpx-0.28.1 huggingface-hub-1.27.0 idna-3.18 jsonlines-4.0.0 jsonref-1.1.0 jsonschema-4.26.0 jsonschema-specifications-2025.9.1 latex2mathml-3.81.0 lxml-6.1.1 mail-parser-4.6.2 markdown-it-py-4.2.0 marko-2.2.4 mdurl-0.1.2 mpire-2.10.2 multiprocess-0.70.19 olefile-0.47 omegaconf-2.3.1 opencv_python-5.0.0.93 openpyxl-3.1.5 packaging-26.3 pandas-3.0.5 pluggy-1.6.0 polyfactory-3.3.0 psutil-7.2.2 pyclipper-1.4.0 pydantic-2.13.4 pydantic-core-2.46.4 pydantic-settings-2.15.0 pygments-2.20.0 pylatexenc-2.11 pypdfium2-5.13.0 python-dateutil-2.9.0.post0 python-docx-1.2.0 python-dotenv-1.2.2 python-oxmsg-0.0.2 python-pptx-1.0.2 pyyaml-6.0.3 rapidocr-3.9.2 referencing-0.37.0 regex-2026.7.19 requests-2.34.2 rich-15.0.0 rpds-py-2026.6.3 rtree-1.4.1 safetensors-0.8.0 scipy-1.18.0 semchunk-3.2.5 shellingham-1.5.4 six-1.17.0 soupsieve-2.9.2 tabulate-0.10.0 tokenizers-0.22.2 tqdm-4.70.0 transformers-5.15.0 tree-sitter-0.26.0 tree-sitter-c-0.24.2 tree-sitter-javascript-0.25.0 tree-sitter-python-0.25.0 tree-sitter-typescript-0.23.2 typer-0.26.8 typing-inspection-0.4.4 urllib3-2.7.0 websockets-16.1.1
docling 2.120.1 torch 2.13.0+cpu
EXIT 0
