Looking in indexes: https://download.pytorch.org/whl/cpu
Collecting torch
  Downloading torch-2.13.0%2Bcpu-cp313-cp313-manylinux_2_28_x86_64.whl.metadata (37 kB)
Collecting torchvision
  Using cached torchvision-0.28.0%2Bcpu-cp313-cp313-manylinux_2_28_x86_64.whl.metadata (5.6 kB)
Collecting filelock (from torch)
  Downloading filelock-3.32.3-py3-none-any.whl.metadata (2.0 kB)
Collecting typing-extensions>=4.10.0 (from torch)
  Using cached typing_extensions-4.16.0-py3-none-any.whl.metadata (3.3 kB)
Collecting setuptools>=77.0.3 (from torch)
  Downloading setuptools-78.1.0-py3-none-any.whl.metadata (6.6 kB)
Collecting sympy>=1.13.3 (from torch)
  Using cached sympy-1.14.0-py3-none-any.whl.metadata (12 kB)
Collecting networkx>=2.5.1 (from torch)
  Using cached networkx-3.6.1-py3-none-any.whl.metadata (6.8 kB)
Collecting jinja2 (from torch)
  Downloading jinja2-3.1.6-py3-none-any.whl.metadata (2.9 kB)
Collecting fsspec>=0.8.5 (from torch)
  Downloading fsspec-2026.7.0-py3-none-any.whl.metadata (10 kB)
Collecting numpy (from torchvision)
  Using cached numpy-2.5.2-cp313-cp313-manylinux_2_27_x86_64.manylinux_2_28_x86_64.whl.metadata (6.6 kB)
Collecting pillow!=8.3.*,>=5.3.0 (from torchvision)
  Using cached pillow-12.3.0-cp313-cp313-manylinux_2_27_x86_64.manylinux_2_28_x86_64.whl.metadata (9.1 kB)
Collecting mpmath<1.4,>=1.1.0 (from sympy>=1.13.3->torch)
  Using cached mpmath-1.3.0-py3-none-any.whl.metadata (8.6 kB)
Collecting MarkupSafe>=2.0 (from jinja2->torch)
  Downloading markupsafe-3.0.3-cp313-cp313-manylinux2014_x86_64.manylinux_2_17_x86_64.manylinux_2_28_x86_64.whl.metadata (2.7 kB)
Downloading torch-2.13.0%2Bcpu-cp313-cp313-manylinux_2_28_x86_64.whl (191.8 MB)
   ━━━━━━━━━━━━━━━━━━━━━━━━━━━━━━━━━━━━━━━━ 191.8/191.8 MB 602.1 kB/s  0:05:15
Using cached torchvision-0.28.0%2Bcpu-cp313-cp313-manylinux_2_28_x86_64.whl (1.8 MB)
Using cached fsspec-2026.7.0-py3-none-any.whl (206 kB)
Using cached networkx-3.6.1-py3-none-any.whl (2.1 MB)
Using cached pillow-12.3.0-cp313-cp313-manylinux_2_27_x86_64.manylinux_2_28_x86_64.whl (6.9 MB)
Using cached setuptools-78.1.0-py3-none-any.whl (1.3 MB)
Using cached sympy-1.14.0-py3-none-any.whl (6.3 MB)
Using cached mpmath-1.3.0-py3-none-any.whl (536 kB)
Using cached typing_extensions-4.16.0-py3-none-any.whl (45 kB)
Using cached filelock-3.32.3-py3-none-any.whl (98 kB)
Using cached jinja2-3.1.6-py3-none-any.whl (134 kB)
Using cached markupsafe-3.0.3-cp313-cp313-manylinux2014_x86_64.manylinux_2_17_x86_64.manylinux_2_28_x86_64.whl (22 kB)
Using cached numpy-2.5.2-cp313-cp313-manylinux_2_27_x86_64.manylinux_2_28_x86_64.whl (16.7 MB)
Installing collected packages: mpmath, typing-extensions, sympy, setuptools, pillow, numpy, networkx, MarkupSafe, fsspec, filelock, jinja2, torch, torchvision

Successfully installed MarkupSafe-3.0.3 filelock-3.32.3 fsspec-2026.7.0 jinja2-3.1.6 mpmath-1.3.0 networkx-3.6.1 numpy-2.5.2 pillow-12.3.0 setuptools-78.1.0 sympy-1.14.0 torch-2.13.0+cpu torchvision-0.28.0+cpu typing-extensions-4.16.0
Collecting unstructured[pdf]
  Downloading unstructured-0.25.2-py3-none-any.whl.metadata (30 kB)
Collecting beautifulsoup4<5.0.0,>=4.14.3 (from unstructured[pdf])
  Using cached beautifulsoup4-4.15.0-py3-none-any.whl.metadata (3.8 kB)
Collecting charset-normalizer<4.0.0,>=3.4.4 (from unstructured[pdf])
  Downloading charset_normalizer-3.5.0-cp313-cp313-manylinux2014_x86_64.manylinux_2_17_x86_64.manylinux_2_28_x86_64.whl.metadata (44 kB)
Collecting emoji<3.0.0,>=2.15.0 (from unstructured[pdf])
  Using cached emoji-2.15.0-py3-none-any.whl.metadata (5.7 kB)
Requirement already satisfied: filelock<4.0.0,>=3.12.0 in ./envs/unstructured/lib/python3.13/site-packages (from unstructured[pdf]) (3.32.3)
Collecting filetype<2.0.0,>=1.2.0 (from unstructured[pdf])
  Using cached filetype-1.2.0-py2.py3-none-any.whl.metadata (6.5 kB)
Collecting html5lib<2.0.0,>=1.1 (from unstructured[pdf])
  Using cached html5lib-1.1-py2.py3-none-any.whl.metadata (16 kB)
Collecting installer<1.0.0,>=0.7.0 (from unstructured[pdf])
  Using cached installer-0.7.0-py3-none-any.whl.metadata (936 bytes)
Collecting langdetect<2.0.0,>=1.0.9 (from unstructured[pdf])
  Using cached langdetect-1.0.9-py3-none-any.whl
Collecting lxml<7.0.0,>=5.0.0 (from unstructured[pdf])
  Using cached lxml-6.1.1-cp313-cp313-manylinux_2_26_x86_64.manylinux_2_28_x86_64.whl.metadata (3.5 kB)
Collecting nh3<1.0.0,>=0.3.0 (from unstructured[pdf])
  Using cached nh3-0.3.6-cp38-abi3-manylinux_2_17_x86_64.manylinux2014_x86_64.whl.metadata (2.0 kB)
Collecting numba<1.0.0,>=0.60.0 (from unstructured[pdf])
  Downloading numba-0.67.0-cp313-cp313-manylinux2014_x86_64.manylinux_2_17_x86_64.whl.metadata (2.7 kB)
Requirement already satisfied: numpy<3.0.0,>=1.26.0 in ./envs/unstructured/lib/python3.13/site-packages (from unstructured[pdf]) (2.5.2)
Collecting psutil<8.0.0,>=7.2.2 (from unstructured[pdf])
  Using cached psutil-7.2.2-cp36-abi3-manylinux2010_x86_64.manylinux_2_12_x86_64.manylinux_2_28_x86_64.whl.metadata (22 kB)
Collecting python-iso639<2027.0.0,>=2026.1.31 (from unstructured[pdf])
  Downloading python_iso639-2026.7.23-py3-none-any.whl.metadata (15 kB)
Collecting python-magic<1.0.0,>=0.4.27 (from unstructured[pdf])
  Using cached python_magic-0.4.27-py2.py3-none-any.whl.metadata (5.8 kB)
Collecting python-oxmsg<1.0.0,>=0.0.2 (from unstructured[pdf])
  Using cached python_oxmsg-0.0.2-py3-none-any.whl.metadata (5.0 kB)
Collecting rapidfuzz<4.0.0,>=3.14.3 (from unstructured[pdf])
  Using cached rapidfuzz-3.14.5-cp313-cp313-manylinux_2_27_x86_64.manylinux_2_28_x86_64.whl.metadata (12 kB)
Collecting regex<2027.0.0,>=2024.0.0 (from unstructured[pdf])
  Downloading regex-2026.7.19-cp313-cp313-manylinux2014_x86_64.manylinux_2_17_x86_64.manylinux_2_28_x86_64.whl.metadata (40 kB)
Collecting requests<3.0.0,>=2.32.5 (from unstructured[pdf])
  Using cached requests-2.34.2-py3-none-any.whl.metadata (4.8 kB)
Collecting spacy<4.0.0,>=3.7.0 (from unstructured[pdf])
  Downloading spacy-3.8.15-cp313-cp313-manylinux_2_24_x86_64.manylinux_2_28_x86_64.whl.metadata (28 kB)
Collecting tqdm<5.0.0,>=4.67.3 (from unstructured[pdf])
  Using cached tqdm-4.70.0-py3-none-any.whl.metadata (57 kB)
Requirement already satisfied: typing-extensions<5.0.0,>=4.15.0 in ./envs/unstructured/lib/python3.13/site-packages (from unstructured[pdf]) (4.16.0)
Collecting unstructured-client<1.0.0,>=0.25.9 (from unstructured[pdf])
  Downloading unstructured_client-0.46.1-py3-none-any.whl.metadata (24 kB)
Collecting wrapt<3.0.0,>=2.1.1 (from unstructured[pdf])
  Downloading wrapt-2.3.0-cp313-cp313-manylinux1_x86_64.manylinux_2_28_x86_64.manylinux_2_5_x86_64.whl.metadata (7.4 kB)
Collecting google-cloud-vision<4.0.0,>=3.12.1 (from unstructured[pdf])
  Using cached google_cloud_vision-3.15.0-py3-none-any.whl.metadata (9.5 kB)
Collecting pdf2image<2.0.0,>=1.17.0 (from unstructured[pdf])
  Using cached pdf2image-1.17.0-py3-none-any.whl.metadata (6.2 kB)
Collecting pdfminer-six<20270000,>=20251230 (from unstructured[pdf])
  Using cached pdfminer_six-20260107-py3-none-any.whl.metadata (4.3 kB)
Collecting pi-heif<2.0.0,>=1.2.0 (from unstructured[pdf])
  Using cached pi_heif-1.4.0-cp313-cp313-manylinux_2_27_x86_64.manylinux_2_28_x86_64.whl.metadata (6.3 kB)
Collecting pikepdf<11.0.0,>=10.3.0 (from unstructured[pdf])
  Downloading pikepdf-10.11.0-cp313-cp313-manylinux_2_27_x86_64.manylinux_2_28_x86_64.whl.metadata (10 kB)
Collecting pypdf<7.0.0,>=6.6.2 (from unstructured[pdf])
  Downloading pypdf-6.16.1-py3-none-any.whl.metadata (7.5 kB)
Collecting unstructured-inference<2.0.0,>=1.6.12 (from unstructured[pdf])
  Using cached unstructured_inference-1.6.13-py3-none-any.whl.metadata (5.7 kB)
Collecting unstructured-pytesseract<1.0.0,>=0.3.15 (from unstructured[pdf])
  Using cached unstructured.pytesseract-0.3.15-py3-none-any.whl.metadata (11 kB)
Collecting soupsieve>=1.6.1 (from beautifulsoup4<5.0.0,>=4.14.3->unstructured[pdf])
  Downloading soupsieve-2.9.2-py3-none-any.whl.metadata (4.6 kB)
Collecting google-api-core<3.0.0,>=2.17.1 (from google-api-core[grpc]<3.0.0,>=2.17.1->google-cloud-vision<4.0.0,>=3.12.1->unstructured[pdf])
  Downloading google_api_core-2.34.0-py3-none-any.whl.metadata (2.9 kB)
Collecting google-auth!=2.24.0,!=2.25.0,<3.0.0,>=2.14.1 (from google-cloud-vision<4.0.0,>=3.12.1->unstructured[pdf])
  Downloading google_auth-2.56.3-py3-none-any.whl.metadata (6.0 kB)
Collecting grpcio<2.0.0,>=1.59.0 (from google-cloud-vision<4.0.0,>=3.12.1->unstructured[pdf])
  Downloading grpcio-1.83.0-cp313-cp313-manylinux2014_x86_64.manylinux_2_17_x86_64.whl.metadata (3.7 kB)
Collecting proto-plus<2.0.0,>=1.22.3 (from google-cloud-vision<4.0.0,>=3.12.1->unstructured[pdf])
  Downloading proto_plus-1.28.3-py3-none-any.whl.metadata (2.2 kB)
Collecting protobuf<8.0.0,>=4.25.8 (from google-cloud-vision<4.0.0,>=3.12.1->unstructured[pdf])
  Using cached protobuf-7.35.1-cp310-abi3-manylinux2014_x86_64.whl.metadata (595 bytes)
Collecting googleapis-common-protos<2.0.0,>=1.69.2 (from google-api-core<3.0.0,>=2.17.1->google-api-core[grpc]<3.0.0,>=2.17.1->google-cloud-vision<4.0.0,>=3.12.1->unstructured[pdf])
  Downloading googleapis_common_protos-1.75.1-py3-none-any.whl.metadata (8.5 kB)
Collecting grpcio-status<2.0.0,>=1.59.0 (from google-api-core[grpc]<3.0.0,>=2.17.1->google-cloud-vision<4.0.0,>=3.12.1->unstructured[pdf])
  Downloading grpcio_status-1.83.0-py3-none-any.whl.metadata (1.2 kB)
Collecting pyasn1-modules>=0.2.1 (from google-auth!=2.24.0,!=2.25.0,<3.0.0,>=2.14.1->google-cloud-vision<4.0.0,>=3.12.1->unstructured[pdf])
  Using cached pyasn1_modules-0.4.2-py3-none-any.whl.metadata (3.5 kB)
Collecting cryptography>=38.0.3 (from google-auth!=2.24.0,!=2.25.0,<3.0.0,>=2.14.1->google-cloud-vision<4.0.0,>=3.12.1->unstructured[pdf])
  Using cached cryptography-50.0.0-cp311-abi3-manylinux_2_34_x86_64.whl.metadata (4.3 kB)
Collecting six>=1.9 (from html5lib<2.0.0,>=1.1->unstructured[pdf])
  Using cached six-1.17.0-py2.py3-none-any.whl.metadata (1.7 kB)
Collecting webencodings (from html5lib<2.0.0,>=1.1->unstructured[pdf])
  Using cached webencodings-0.5.1-py2.py3-none-any.whl.metadata (2.1 kB)
Collecting llvmlite<0.50,>=0.49.0dev0 (from numba<1.0.0,>=0.60.0->unstructured[pdf])
  Downloading llvmlite-0.49.0-cp313-cp313-manylinux2014_x86_64.manylinux_2_17_x86_64.whl.metadata (5.0 kB)
Requirement already satisfied: pillow in ./envs/unstructured/lib/python3.13/site-packages (from pdf2image<2.0.0,>=1.17.0->unstructured[pdf]) (12.3.0)
Collecting packaging (from pikepdf<11.0.0,>=10.3.0->unstructured[pdf])
  Using cached packaging-26.3-py3-none-any.whl.metadata (3.5 kB)
Collecting click (from python-oxmsg<1.0.0,>=0.0.2->unstructured[pdf])
  Using cached click-8.4.2-py3-none-any.whl.metadata (2.6 kB)
Collecting olefile (from python-oxmsg<1.0.0,>=0.0.2->unstructured[pdf])
  Using cached olefile-0.47-py2.py3-none-any.whl.metadata (9.7 kB)
Collecting idna<4,>=2.5 (from requests<3.0.0,>=2.32.5->unstructured[pdf])
  Using cached idna-3.18-py3-none-any.whl.metadata (6.1 kB)
Collecting urllib3<3,>=1.26 (from requests<3.0.0,>=2.32.5->unstructured[pdf])
  Using cached urllib3-2.7.0-py3-none-any.whl.metadata (6.9 kB)
Collecting certifi>=2023.5.7 (from requests<3.0.0,>=2.32.5->unstructured[pdf])
  Using cached certifi-2026.7.22-py3-none-any.whl.metadata (2.5 kB)
Collecting spacy-legacy<3.1.0,>=3.0.11 (from spacy<4.0.0,>=3.7.0->unstructured[pdf])
  Using cached spacy_legacy-3.0.12-py2.py3-none-any.whl.metadata (2.8 kB)
Collecting spacy-loggers<2.0.0,>=1.0.0 (from spacy<4.0.0,>=3.7.0->unstructured[pdf])
  Using cached spacy_loggers-1.0.5-py3-none-any.whl.metadata (23 kB)
Collecting murmurhash<1.1.0,>=0.28.0 (from spacy<4.0.0,>=3.7.0->unstructured[pdf])
  Using cached murmurhash-1.0.15-cp313-cp313-manylinux1_x86_64.manylinux2014_x86_64.manylinux_2_17_x86_64.manylinux_2_5_x86_64.whl.metadata (2.3 kB)
Collecting cymem<2.1.0,>=2.0.2 (from spacy<4.0.0,>=3.7.0->unstructured[pdf])
  Using cached cymem-2.0.13-cp313-cp313-manylinux2014_x86_64.manylinux_2_17_x86_64.whl.metadata (9.7 kB)
Collecting preshed<3.1.0,>=3.0.2 (from spacy<4.0.0,>=3.7.0->unstructured[pdf])
  Using cached preshed-3.0.13-cp313-cp313-manylinux2014_x86_64.manylinux_2_17_x86_64.whl.metadata (5.2 kB)
Collecting thinc<8.4.0,>=8.3.12 (from spacy<4.0.0,>=3.7.0->unstructured[pdf])
  Using cached thinc-8.3.13-cp313-cp313-manylinux2014_x86_64.manylinux_2_17_x86_64.whl.metadata (14 kB)
Collecting wasabi<1.2.0,>=0.9.1 (from spacy<4.0.0,>=3.7.0->unstructured[pdf])
  Using cached wasabi-1.1.3-py3-none-any.whl.metadata (28 kB)
Collecting srsly<3.0.0,>=2.5.3 (from spacy<4.0.0,>=3.7.0->unstructured[pdf])
  Using cached srsly-2.5.3-cp313-cp313-manylinux2014_x86_64.manylinux_2_17_x86_64.whl.metadata (19 kB)
Collecting catalogue<2.1.0,>=2.0.6 (from spacy<4.0.0,>=3.7.0->unstructured[pdf])
  Using cached catalogue-2.0.10-py3-none-any.whl.metadata (14 kB)
Collecting weasel<2.0.0,>=1.0.0 (from spacy<4.0.0,>=3.7.0->unstructured[pdf])
  Using cached weasel-1.0.0-py3-none-any.whl.metadata (4.6 kB)
Collecting confection<2.0.0,>=1.3.2 (from spacy<4.0.0,>=3.7.0->unstructured[pdf])
  Using cached confection-1.3.3-py3-none-any.whl.metadata (19 kB)
Collecting typer<1.0.0,>=0.3.0 (from spacy<4.0.0,>=3.7.0->unstructured[pdf])
  Downloading typer-0.27.1-py3-none-any.whl.metadata (16 kB)
Collecting pydantic<3.0.0,>=2.0.0 (from spacy<4.0.0,>=3.7.0->unstructured[pdf])
  Using cached pydantic-2.13.4-py3-none-any.whl.metadata (109 kB)
Requirement already satisfied: jinja2 in ./envs/unstructured/lib/python3.13/site-packages (from spacy<4.0.0,>=3.7.0->unstructured[pdf]) (3.1.6)
Requirement already satisfied: setuptools in ./envs/unstructured/lib/python3.13/site-packages (from spacy<4.0.0,>=3.7.0->unstructured[pdf]) (78.1.0)
Collecting annotated-types>=0.6.0 (from pydantic<3.0.0,>=2.0.0->spacy<4.0.0,>=3.7.0->unstructured[pdf])
  Using cached annotated_types-0.8.0-py3-none-any.whl.metadata (15 kB)
Collecting pydantic-core==2.46.4 (from pydantic<3.0.0,>=2.0.0->spacy<4.0.0,>=3.7.0->unstructured[pdf])
  Using cached pydantic_core-2.46.4-cp313-cp313-manylinux_2_17_x86_64.manylinux2014_x86_64.whl.metadata (6.6 kB)
Collecting typing-inspection>=0.4.2 (from pydantic<3.0.0,>=2.0.0->spacy<4.0.0,>=3.7.0->unstructured[pdf])
  Using cached typing_inspection-0.4.4-py3-none-any.whl.metadata (2.6 kB)
Collecting blis<1.4.0,>=1.3.0 (from thinc<8.4.0,>=8.3.12->spacy<4.0.0,>=3.7.0->unstructured[pdf])
  Using cached blis-1.3.3-cp313-cp313-manylinux2014_x86_64.manylinux_2_17_x86_64.whl.metadata (7.5 kB)
Collecting shellingham>=1.3.0 (from typer<1.0.0,>=0.3.0->spacy<4.0.0,>=3.7.0->unstructured[pdf])
  Using cached shellingham-1.5.4-py2.py3-none-any.whl.metadata (3.5 kB)
Collecting rich>=13.8.0 (from typer<1.0.0,>=0.3.0->spacy<4.0.0,>=3.7.0->unstructured[pdf])
  Using cached rich-15.0.0-py3-none-any.whl.metadata (18 kB)
Collecting annotated-doc>=0.0.2 (from typer<1.0.0,>=0.3.0->spacy<4.0.0,>=3.7.0->unstructured[pdf])
  Downloading annotated_doc-0.0.5-py3-none-any.whl.metadata (6.5 kB)
Collecting aiofiles>=25.1.0 (from unstructured-client<1.0.0,>=0.25.9->unstructured[pdf])
  Using cached aiofiles-25.1.0-py3-none-any.whl.metadata (6.3 kB)
Collecting httpcore>=1.0.9 (from unstructured-client<1.0.0,>=0.25.9->unstructured[pdf])
  Using cached httpcore-1.0.9-py3-none-any.whl.metadata (21 kB)
Collecting httpx>=0.28.1 (from unstructured-client<1.0.0,>=0.25.9->unstructured[pdf])
  Using cached httpx-0.28.1-py3-none-any.whl.metadata (7.1 kB)
Collecting pypdfium2>=5.6.0 (from unstructured-client<1.0.0,>=0.25.9->unstructured[pdf])
  Using cached pypdfium2-5.13.0-py3-none-manylinux_2_17_x86_64.manylinux2014_x86_64.whl.metadata (66 kB)
Collecting requests-toolbelt>=1.0.0 (from unstructured-client<1.0.0,>=0.25.9->unstructured[pdf])
  Using cached requests_toolbelt-1.0.0-py2.py3-none-any.whl.metadata (14 kB)
Collecting accelerate>=1.12.0 (from unstructured-inference<2.0.0,>=1.6.12->unstructured[pdf])
  Using cached accelerate-1.14.0-py3-none-any.whl.metadata (19 kB)
Collecting huggingface-hub>=0.22.0 (from unstructured-inference<2.0.0,>=1.6.12->unstructured[pdf])
  Using cached huggingface_hub-1.27.0-py3-none-any.whl.metadata (16 kB)
Collecting matplotlib>=3.10.8 (from unstructured-inference<2.0.0,>=1.6.12->unstructured[pdf])
  Downloading matplotlib-3.11.1-cp313-cp313-manylinux2014_x86_64.manylinux_2_17_x86_64.whl.metadata (80 kB)
Collecting onnx>=1.20.1 (from unstructured-inference<2.0.0,>=1.6.12->unstructured[pdf])
  Using cached onnx-1.22.0-cp312-abi3-manylinux_2_27_x86_64.manylinux_2_28_x86_64.whl.metadata (8.5 kB)
Collecting onnxruntime>=1.25.0 (from unstructured-inference<2.0.0,>=1.6.12->unstructured[pdf])
  Downloading onnxruntime-1.28.0-cp313-cp313-manylinux_2_27_x86_64.manylinux_2_28_x86_64.whl.metadata (5.5 kB)
Collecting opencv-python>=4.13.0.90 (from unstructured-inference<2.0.0,>=1.6.12->unstructured[pdf])
  Using cached opencv_python-5.0.0.93-cp37-abi3-manylinux_2_28_x86_64.whl.metadata (19 kB)
Collecting pandas>=1.5.0 (from unstructured-inference<2.0.0,>=1.6.12->unstructured[pdf])
  Using cached pandas-3.0.5-cp313-cp313-manylinux_2_24_x86_64.manylinux_2_28_x86_64.whl.metadata (79 kB)
Collecting scipy>=1.17.0 (from unstructured-inference<2.0.0,>=1.6.12->unstructured[pdf])
  Using cached scipy-1.18.0-cp313-cp313-manylinux_2_27_x86_64.manylinux_2_28_x86_64.whl.metadata (62 kB)
Collecting timm>=1.0.24 (from unstructured-inference<2.0.0,>=1.6.12->unstructured[pdf])
  Using cached timm-1.0.28-py3-none-any.whl.metadata (40 kB)
Requirement already satisfied: torch>=2.10.0 in ./envs/unstructured/lib/python3.13/site-packages (from unstructured-inference<2.0.0,>=1.6.12->unstructured[pdf]) (2.13.0+cpu)
Collecting transformers>=4.25.1 (from unstructured-inference<2.0.0,>=1.6.12->unstructured[pdf])
  Using cached transformers-5.15.0-py3-none-any.whl.metadata (32 kB)
Collecting cloudpathlib>=0.7.0 (from weasel<2.0.0,>=1.0.0->spacy<4.0.0,>=3.7.0->unstructured[pdf])
  Using cached cloudpathlib-0.24.0-py3-none-any.whl.metadata (16 kB)
Collecting smart-open>=5.2.1 (from weasel<2.0.0,>=1.0.0->spacy<4.0.0,>=3.7.0->unstructured[pdf])
  Using cached smart_open-8.0.1-py3-none-any.whl.metadata (24 kB)
Collecting pyyaml (from accelerate>=1.12.0->unstructured-inference<2.0.0,>=1.6.12->unstructured[pdf])
  Using cached pyyaml-6.0.3-cp313-cp313-manylinux2014_x86_64.manylinux_2_17_x86_64.manylinux_2_28_x86_64.whl.metadata (2.4 kB)
Collecting safetensors>=0.4.3 (from accelerate>=1.12.0->unstructured-inference<2.0.0,>=1.6.12->unstructured[pdf])
  Using cached safetensors-0.8.0-cp310-abi3-manylinux_2_17_x86_64.manylinux2014_x86_64.whl.metadata (4.2 kB)
Collecting cffi>=2.0.0 (from cryptography>=38.0.3->google-auth!=2.24.0,!=2.25.0,<3.0.0,>=2.14.1->google-cloud-vision<4.0.0,>=3.12.1->unstructured[pdf])
  Using cached cffi-2.1.1-cp313-cp313-manylinux2014_x86_64.manylinux_2_17_x86_64.whl.metadata (2.5 kB)
Collecting pycparser (from cffi>=2.0.0->cryptography>=38.0.3->google-auth!=2.24.0,!=2.25.0,<3.0.0,>=2.14.1->google-cloud-vision<4.0.0,>=3.12.1->unstructured[pdf])
  Using cached pycparser-3.0-py3-none-any.whl.metadata (8.2 kB)
Collecting h11>=0.16 (from httpcore>=1.0.9->unstructured-client<1.0.0,>=0.25.9->unstructured[pdf])
  Using cached h11-0.16.0-py3-none-any.whl.metadata (8.3 kB)
Collecting anyio (from httpx>=0.28.1->unstructured-client<1.0.0,>=0.25.9->unstructured[pdf])
  Using cached anyio-4.14.2-py3-none-any.whl.metadata (4.6 kB)
Requirement already satisfied: fsspec>=2023.5.0 in ./envs/unstructured/lib/python3.13/site-packages (from huggingface-hub>=0.22.0->unstructured-inference<2.0.0,>=1.6.12->unstructured[pdf]) (2026.7.0)
Collecting hf-xet<2.0.0,>=1.5.2 (from huggingface-hub>=0.22.0->unstructured-inference<2.0.0,>=1.6.12->unstructured[pdf])
  Using cached hf_xet-1.6.0-cp38-abi3-manylinux2014_x86_64.manylinux_2_17_x86_64.whl.metadata (4.9 kB)
Collecting contourpy>=1.0.1 (from matplotlib>=3.10.8->unstructured-inference<2.0.0,>=1.6.12->unstructured[pdf])
  Using cached contourpy-1.3.3-cp313-cp313-manylinux_2_27_x86_64.manylinux_2_28_x86_64.whl.metadata (5.5 kB)
Collecting cycler>=0.10 (from matplotlib>=3.10.8->unstructured-inference<2.0.0,>=1.6.12->unstructured[pdf])
  Using cached cycler-0.12.1-py3-none-any.whl.metadata (3.8 kB)
Collecting fonttools>=4.28.2 (from matplotlib>=3.10.8->unstructured-inference<2.0.0,>=1.6.12->unstructured[pdf])
  Using cached fonttools-4.63.0-cp313-cp313-manylinux2014_x86_64.manylinux_2_17_x86_64.whl.metadata (118 kB)
Collecting kiwisolver>=1.3.1 (from matplotlib>=3.10.8->unstructured-inference<2.0.0,>=1.6.12->unstructured[pdf])
  Using cached kiwisolver-1.5.0-cp313-cp313-manylinux2014_x86_64.manylinux_2_17_x86_64.whl.metadata (5.1 kB)
Collecting pyparsing>=3 (from matplotlib>=3.10.8->unstructured-inference<2.0.0,>=1.6.12->unstructured[pdf])
  Using cached pyparsing-3.3.2-py3-none-any.whl.metadata (5.8 kB)
Collecting python-dateutil>=2.7 (from matplotlib>=3.10.8->unstructured-inference<2.0.0,>=1.6.12->unstructured[pdf])
  Using cached python_dateutil-2.9.0.post0-py2.py3-none-any.whl.metadata (8.4 kB)
Collecting ml_dtypes>=0.5.4 (from onnx>=1.20.1->unstructured-inference<2.0.0,>=1.6.12->unstructured[pdf])
  Downloading ml_dtypes-0.6.0-cp313-cp313-manylinux_2_27_x86_64.manylinux_2_28_x86_64.whl.metadata (8.8 kB)
Collecting flatbuffers (from onnxruntime>=1.25.0->unstructured-inference<2.0.0,>=1.6.12->unstructured[pdf])
  Using cached flatbuffers-25.12.19-py2.py3-none-any.whl.metadata (1.0 kB)
Collecting pyasn1<0.7.0,>=0.6.1 (from pyasn1-modules>=0.2.1->google-auth!=2.24.0,!=2.25.0,<3.0.0,>=2.14.1->google-cloud-vision<4.0.0,>=3.12.1->unstructured[pdf])
  Using cached pyasn1-0.6.4-py3-none-any.whl.metadata (8.4 kB)
Collecting markdown-it-py>=2.2.0 (from rich>=13.8.0->typer<1.0.0,>=0.3.0->spacy<4.0.0,>=3.7.0->unstructured[pdf])
  Using cached markdown_it_py-4.2.0-py3-none-any.whl.metadata (7.4 kB)
Collecting pygments<3.0.0,>=2.13.0 (from rich>=13.8.0->typer<1.0.0,>=0.3.0->spacy<4.0.0,>=3.7.0->unstructured[pdf])
  Using cached pygments-2.20.0-py3-none-any.whl.metadata (2.5 kB)
Collecting mdurl~=0.1 (from markdown-it-py>=2.2.0->rich>=13.8.0->typer<1.0.0,>=0.3.0->spacy<4.0.0,>=3.7.0->unstructured[pdf])
  Using cached mdurl-0.1.2-py3-none-any.whl.metadata (1.6 kB)
Requirement already satisfied: torchvision in ./envs/unstructured/lib/python3.13/site-packages (from timm>=1.0.24->unstructured-inference<2.0.0,>=1.6.12->unstructured[pdf]) (0.28.0+cpu)
Requirement already satisfied: sympy>=1.13.3 in ./envs/unstructured/lib/python3.13/site-packages (from torch>=2.10.0->unstructured-inference<2.0.0,>=1.6.12->unstructured[pdf]) (1.14.0)
Requirement already satisfied: networkx>=2.5.1 in ./envs/unstructured/lib/python3.13/site-packages (from torch>=2.10.0->unstructured-inference<2.0.0,>=1.6.12->unstructured[pdf]) (3.6.1)
Requirement already satisfied: mpmath<1.4,>=1.1.0 in ./envs/unstructured/lib/python3.13/site-packages (from sympy>=1.13.3->torch>=2.10.0->unstructured-inference<2.0.0,>=1.6.12->unstructured[pdf]) (1.3.0)
Collecting tokenizers<=0.23.0,>=0.22.0 (from transformers>=4.25.1->unstructured-inference<2.0.0,>=1.6.12->unstructured[pdf])
  Using cached tokenizers-0.22.2-cp39-abi3-manylinux_2_17_x86_64.manylinux2014_x86_64.whl.metadata (7.3 kB)
Requirement already satisfied: MarkupSafe>=2.0 in ./envs/unstructured/lib/python3.13/site-packages (from jinja2->spacy<4.0.0,>=3.7.0->unstructured[pdf]) (3.0.3)
Downloading unstructured-0.25.2-py3-none-any.whl (1.6 MB)
   ━━━━━━━━━━━━━━━━━━━━━━━━━━━━━━━━━━━━━━━━ 1.6/1.6 MB 963.6 kB/s  0:00:01
Using cached beautifulsoup4-4.15.0-py3-none-any.whl (109 kB)
Downloading charset_normalizer-3.5.0-cp313-cp313-manylinux2014_x86_64.manylinux_2_17_x86_64.manylinux_2_28_x86_64.whl (249 kB)
Using cached emoji-2.15.0-py3-none-any.whl (608 kB)
Using cached filetype-1.2.0-py2.py3-none-any.whl (19 kB)
Using cached google_cloud_vision-3.15.0-py3-none-any.whl (542 kB)
Downloading google_api_core-2.34.0-py3-none-any.whl (180 kB)
Downloading google_auth-2.56.3-py3-none-any.whl (259 kB)
Downloading googleapis_common_protos-1.75.1-py3-none-any.whl (300 kB)
Downloading grpcio-1.83.0-cp313-cp313-manylinux2014_x86_64.manylinux_2_17_x86_64.whl (7.0 MB)
   ━━━━━━━━━━━━━━━━━━━━━━━━━━━━━━━━━━━━━━━━ 7.0/7.0 MB 753.1 kB/s  0:00:09
Downloading grpcio_status-1.83.0-py3-none-any.whl (14 kB)
Using cached html5lib-1.1-py2.py3-none-any.whl (112 kB)
Using cached installer-0.7.0-py3-none-any.whl (453 kB)
Using cached lxml-6.1.1-cp313-cp313-manylinux_2_26_x86_64.manylinux_2_28_x86_64.whl (5.2 MB)
Using cached nh3-0.3.6-cp38-abi3-manylinux_2_17_x86_64.manylinux2014_x86_64.whl (806 kB)
Downloading numba-0.67.0-cp313-cp313-manylinux2014_x86_64.manylinux_2_17_x86_64.whl (3.9 MB)
   ━━━━━━━━━━━━━━━━━━━━━━━━━━━━━━━━━━━━━━━━ 3.9/3.9 MB 859.0 kB/s  0:00:04
Downloading llvmlite-0.49.0-cp313-cp313-manylinux2014_x86_64.manylinux_2_17_x86_64.whl (59.9 MB)
   ━━━━━━━━━━━━━━━━━━━━━━━━━━━━━━━━━━━━━━━━ 59.9/59.9 MB 680.6 kB/s  0:01:26
Using cached pdf2image-1.17.0-py3-none-any.whl (11 kB)
Using cached pdfminer_six-20260107-py3-none-any.whl (6.6 MB)
Using cached pi_heif-1.4.0-cp313-cp313-manylinux_2_27_x86_64.manylinux_2_28_x86_64.whl (1.5 MB)
Downloading pikepdf-10.11.0-cp313-cp313-manylinux_2_27_x86_64.manylinux_2_28_x86_64.whl (2.2 MB)
   ━━━━━━━━━━━━━━━━━━━━━━━━━━━━━━━━━━━━━━━━ 2.2/2.2 MB 760.3 kB/s  0:00:02
Downloading proto_plus-1.28.3-py3-none-any.whl (50 kB)
Using cached protobuf-7.35.1-cp310-abi3-manylinux2014_x86_64.whl (327 kB)
Using cached psutil-7.2.2-cp36-abi3-manylinux2010_x86_64.manylinux_2_12_x86_64.manylinux_2_28_x86_64.whl (155 kB)
Downloading pypdf-6.16.1-py3-none-any.whl (382 kB)
Downloading python_iso639-2026.7.23-py3-none-any.whl (167 kB)
Using cached python_magic-0.4.27-py2.py3-none-any.whl (13 kB)
Using cached python_oxmsg-0.0.2-py3-none-any.whl (31 kB)
Using cached rapidfuzz-3.14.5-cp313-cp313-manylinux_2_27_x86_64.manylinux_2_28_x86_64.whl (3.2 MB)
Downloading regex-2026.7.19-cp313-cp313-manylinux2014_x86_64.manylinux_2_17_x86_64.manylinux_2_28_x86_64.whl (801 kB)
   ━━━━━━━━━━━━━━━━━━━━━━━━━━━━━━━━━━━━━━━━ 801.8/801.8 kB 767.1 kB/s  0:00:01
Using cached requests-2.34.2-py3-none-any.whl (73 kB)
Using cached idna-3.18-py3-none-any.whl (65 kB)
Downloading spacy-3.8.15-cp313-cp313-manylinux_2_24_x86_64.manylinux_2_28_x86_64.whl (32.3 MB)
   ━━━━━━━━━━━━━━━━━━━━━━━━━━━━━━━━━━━━━━━━ 32.3/32.3 MB 716.8 kB/s  0:00:48
Using cached catalogue-2.0.10-py3-none-any.whl (17 kB)
Using cached click-8.4.2-py3-none-any.whl (119 kB)
Using cached confection-1.3.3-py3-none-any.whl (35 kB)
Using cached cymem-2.0.13-cp313-cp313-manylinux2014_x86_64.manylinux_2_17_x86_64.whl (254 kB)
Using cached murmurhash-1.0.15-cp313-cp313-manylinux1_x86_64.manylinux2014_x86_64.manylinux_2_17_x86_64.manylinux_2_5_x86_64.whl (133 kB)
Using cached preshed-3.0.13-cp313-cp313-manylinux2014_x86_64.manylinux_2_17_x86_64.whl (839 kB)
Using cached pydantic-2.13.4-py3-none-any.whl (472 kB)
Using cached pydantic_core-2.46.4-cp313-cp313-manylinux_2_17_x86_64.manylinux2014_x86_64.whl (2.1 MB)
Using cached spacy_legacy-3.0.12-py2.py3-none-any.whl (29 kB)
Using cached spacy_loggers-1.0.5-py3-none-any.whl (22 kB)
Using cached srsly-2.5.3-cp313-cp313-manylinux2014_x86_64.manylinux_2_17_x86_64.whl (1.2 MB)
Using cached thinc-8.3.13-cp313-cp313-manylinux2014_x86_64.manylinux_2_17_x86_64.whl (3.9 MB)
Using cached blis-1.3.3-cp313-cp313-manylinux2014_x86_64.manylinux_2_17_x86_64.whl (11.4 MB)
Using cached tqdm-4.70.0-py3-none-any.whl (80 kB)
Downloading typer-0.27.1-py3-none-any.whl (122 kB)
Downloading unstructured_client-0.46.1-py3-none-any.whl (169 kB)
Using cached unstructured_inference-1.6.13-py3-none-any.whl (57 kB)
Using cached unstructured.pytesseract-0.3.15-py3-none-any.whl (14 kB)
Using cached urllib3-2.7.0-py3-none-any.whl (131 kB)
Using cached wasabi-1.1.3-py3-none-any.whl (27 kB)
Using cached weasel-1.0.0-py3-none-any.whl (50 kB)
Downloading wrapt-2.3.0-cp313-cp313-manylinux1_x86_64.manylinux_2_28_x86_64.manylinux_2_5_x86_64.whl (170 kB)
Using cached accelerate-1.14.0-py3-none-any.whl (389 kB)
Using cached aiofiles-25.1.0-py3-none-any.whl (14 kB)
Using cached annotated_doc-0.0.5-py3-none-any.whl (5.3 kB)
Using cached annotated_types-0.8.0-py3-none-any.whl (13 kB)
Using cached certifi-2026.7.22-py3-none-any.whl (136 kB)
Using cached cloudpathlib-0.24.0-py3-none-any.whl (63 kB)
Using cached cryptography-50.0.0-cp311-abi3-manylinux_2_34_x86_64.whl (4.7 MB)
Using cached cffi-2.1.1-cp313-cp313-manylinux2014_x86_64.manylinux_2_17_x86_64.whl (221 kB)
Using cached httpcore-1.0.9-py3-none-any.whl (78 kB)
Using cached h11-0.16.0-py3-none-any.whl (37 kB)
Using cached httpx-0.28.1-py3-none-any.whl (73 kB)
Using cached huggingface_hub-1.27.0-py3-none-any.whl (784 kB)
Using cached hf_xet-1.6.0-cp38-abi3-manylinux2014_x86_64.manylinux_2_17_x86_64.whl (4.5 MB)
Downloading matplotlib-3.11.1-cp313-cp313-manylinux2014_x86_64.manylinux_2_17_x86_64.whl (10.0 MB)
   ━━━━━━━━━━━━━━━━━━━━━━━━━━━━━━━━━━━━━━━━ 10.0/10.0 MB 1.4 MB/s  0:00:07
Using cached contourpy-1.3.3-cp313-cp313-manylinux_2_27_x86_64.manylinux_2_28_x86_64.whl (362 kB)
Using cached cycler-0.12.1-py3-none-any.whl (8.3 kB)
Using cached fonttools-4.63.0-cp313-cp313-manylinux2014_x86_64.manylinux_2_17_x86_64.whl (5.0 MB)
Using cached kiwisolver-1.5.0-cp313-cp313-manylinux2014_x86_64.manylinux_2_17_x86_64.whl (1.5 MB)
Using cached onnx-1.22.0-cp312-abi3-manylinux_2_27_x86_64.manylinux_2_28_x86_64.whl (19.1 MB)
Downloading ml_dtypes-0.6.0-cp313-cp313-manylinux_2_27_x86_64.manylinux_2_28_x86_64.whl (410 kB)
Downloading onnxruntime-1.28.0-cp313-cp313-manylinux_2_27_x86_64.manylinux_2_28_x86_64.whl (19.2 MB)
   ━━━━━━━━━━━━━━━━━━━━━━━━━━━━━━━━━━━━━━━━ 19.2/19.2 MB 1.5 MB/s  0:00:12
Using cached opencv_python-5.0.0.93-cp37-abi3-manylinux_2_28_x86_64.whl (73.8 MB)
Using cached packaging-26.3-py3-none-any.whl (129 kB)
Using cached pandas-3.0.5-cp313-cp313-manylinux_2_24_x86_64.manylinux_2_28_x86_64.whl (10.9 MB)
Using cached pyasn1_modules-0.4.2-py3-none-any.whl (181 kB)
Using cached pyasn1-0.6.4-py3-none-any.whl (84 kB)
Using cached pyparsing-3.3.2-py3-none-any.whl (122 kB)
Using cached pypdfium2-5.13.0-py3-none-manylinux_2_17_x86_64.manylinux2014_x86_64.whl (3.7 MB)
Using cached python_dateutil-2.9.0.post0-py2.py3-none-any.whl (229 kB)
Using cached pyyaml-6.0.3-cp313-cp313-manylinux2014_x86_64.manylinux_2_17_x86_64.manylinux_2_28_x86_64.whl (801 kB)
Using cached requests_toolbelt-1.0.0-py2.py3-none-any.whl (54 kB)
Using cached rich-15.0.0-py3-none-any.whl (310 kB)
Using cached pygments-2.20.0-py3-none-any.whl (1.2 MB)
Using cached markdown_it_py-4.2.0-py3-none-any.whl (91 kB)
Using cached mdurl-0.1.2-py3-none-any.whl (10.0 kB)
Using cached safetensors-0.8.0-cp310-abi3-manylinux_2_17_x86_64.manylinux2014_x86_64.whl (516 kB)
Using cached scipy-1.18.0-cp313-cp313-manylinux_2_27_x86_64.manylinux_2_28_x86_64.whl (35.3 MB)
Using cached shellingham-1.5.4-py2.py3-none-any.whl (9.8 kB)
Using cached six-1.17.0-py2.py3-none-any.whl (11 kB)
Using cached smart_open-8.0.1-py3-none-any.whl (73 kB)
Using cached soupsieve-2.9.2-py3-none-any.whl (37 kB)
Using cached timm-1.0.28-py3-none-any.whl (2.6 MB)
Using cached transformers-5.15.0-py3-none-any.whl (11.7 MB)
Using cached tokenizers-0.22.2-cp39-abi3-manylinux_2_17_x86_64.manylinux2014_x86_64.whl (3.3 MB)
Using cached typing_inspection-0.4.4-py3-none-any.whl (14 kB)
Using cached anyio-4.14.2-py3-none-any.whl (125 kB)
Using cached flatbuffers-25.12.19-py2.py3-none-any.whl (26 kB)
Using cached olefile-0.47-py2.py3-none-any.whl (114 kB)
Using cached pycparser-3.0-py3-none-any.whl (48 kB)
Using cached webencodings-0.5.1-py2.py3-none-any.whl (11 kB)
Installing collected packages: webencodings, flatbuffers, filetype, wrapt, wasabi, urllib3, typing-inspection, tqdm, spacy-loggers, spacy-legacy, soupsieve, six, shellingham, scipy, safetensors, regex, rapidfuzz, pyyaml, python-magic, python-iso639, pypdfium2, pypdf, pyparsing, pygments, pydantic-core, pycparser, pyasn1, psutil, protobuf, pi-heif, pdf2image, packaging, opencv-python, olefile, nh3, murmurhash, ml_dtypes, mdurl, lxml, llvmlite, kiwisolver, installer, idna, hf-xet, h11, grpcio, fonttools, emoji, cymem, cycler, contourpy, confection, cloudpathlib, click, charset-normalizer, certifi, catalogue, blis, annotated-types, annotated-doc, aiofiles, unstructured-pytesseract, srsly, smart-open, requests, python-oxmsg, python-dateutil, pydantic, pyasn1-modules, proto-plus, preshed, pikepdf, onnxruntime, onnx, numba, markdown-it-py, langdetect, httpcore, html5lib, googleapis-common-protos, cffi, beautifulsoup4, anyio, thinc, rich, requests-toolbelt, pandas, matplotlib, httpx, grpcio-status, cryptography, unstructured-client, typer, pdfminer-six, huggingface-hub, google-auth, weasel, tokenizers, timm, google-api-core, accelerate, transformers, spacy, unstructured-inference, unstructured, google-cloud-vision

Successfully installed accelerate-1.14.0 aiofiles-25.1.0 annotated-doc-0.0.5 annotated-types-0.8.0 anyio-4.14.2 beautifulsoup4-4.15.0 blis-1.3.3 catalogue-2.0.10 certifi-2026.7.22 cffi-2.1.1 charset-normalizer-3.5.0 click-8.4.2 cloudpathlib-0.24.0 confection-1.3.3 contourpy-1.3.3 cryptography-50.0.0 cycler-0.12.1 cymem-2.0.13 emoji-2.15.0 filetype-1.2.0 flatbuffers-25.12.19 fonttools-4.63.0 google-api-core-2.34.0 google-auth-2.56.3 google-cloud-vision-3.15.0 googleapis-common-protos-1.75.1 grpcio-1.83.0 grpcio-status-1.83.0 h11-0.16.0 hf-xet-1.6.0 html5lib-1.1 httpcore-1.0.9 httpx-0.28.1 huggingface-hub-1.27.0 idna-3.18 installer-0.7.0 kiwisolver-1.5.0 langdetect-1.0.9 llvmlite-0.49.0 lxml-6.1.1 markdown-it-py-4.2.0 matplotlib-3.11.1 mdurl-0.1.2 ml_dtypes-0.6.0 murmurhash-1.0.15 nh3-0.3.6 numba-0.67.0 olefile-0.47 onnx-1.22.0 onnxruntime-1.28.0 opencv-python-5.0.0.93 packaging-26.3 pandas-3.0.5 pdf2image-1.17.0 pdfminer-six-20260107 pi-heif-1.4.0 pikepdf-10.11.0 preshed-3.0.13 proto-plus-1.28.3 protobuf-7.35.1 psutil-7.2.2 pyasn1-0.6.4 pyasn1-modules-0.4.2 pycparser-3.0 pydantic-2.13.4 pydantic-core-2.46.4 pygments-2.20.0 pyparsing-3.3.2 pypdf-6.16.1 pypdfium2-5.13.0 python-dateutil-2.9.0.post0 python-iso639-2026.7.23 python-magic-0.4.27 python-oxmsg-0.0.2 pyyaml-6.0.3 rapidfuzz-3.14.5 regex-2026.7.19 requests-2.34.2 requests-toolbelt-1.0.0 rich-15.0.0 safetensors-0.8.0 scipy-1.18.0 shellingham-1.5.4 six-1.17.0 smart-open-8.0.1 soupsieve-2.9.2 spacy-3.8.15 spacy-legacy-3.0.12 spacy-loggers-1.0.5 srsly-2.5.3 thinc-8.3.13 timm-1.0.28 tokenizers-0.22.2 tqdm-4.70.0 transformers-5.15.0 typer-0.27.1 typing-inspection-0.4.4 unstructured-0.25.2 unstructured-client-0.46.1 unstructured-inference-1.6.13 unstructured-pytesseract-0.3.15 urllib3-2.7.0 wasabi-1.1.3 weasel-1.0.0 webencodings-0.5.1 wrapt-2.3.0
unstructured <module 'unstructured.__version__' from '<repo>/envs/unstructured/lib/python3.13/site-packages/unstructured/__version__.py'>
EXIT 0
