Warning: You are sending unauthenticated requests to the HF Hub. Please set a HF_TOKEN to enable higher rate limits and faster downloads.
2026-08-16 14:18:15,933 [INFO] marker: Table processing stats: {'tables_ocr': 1, 'tables_total': 1}
2026-08-16 14:19:02,034 [INFO] marker: Table processing stats: {'tables_ocr': 2, 'tables_total': 1}
2026-08-16 14:19:48,102 [INFO] marker: Table processing stats: {'tables_ocr': 3, 'tables_total': 1}
2026-08-16 14:20:32,499 [INFO] marker: Table processing stats: {'tables_ocr': 4, 'tables_total': 1}
2026-08-16 14:21:07,059 [INFO] marker: Table processing stats: {'tables_ocr': 5, 'tables_total': 1}
2026-08-16 14:21:41,299 [INFO] marker: Table processing stats: {'tables_ocr': 6, 'tables_total': 1}
Warning: You are sending unauthenticated requests to the HF Hub. Please set a HF_TOKEN to enable higher rate limits and faster downloads.
2026-08-16 14:39:00,461 [INFO] marker: Table processing stats: {'tables_ocr': 1, 'tables_total': 1}
  PO00000_150          60.0s    1360 chars
2026-08-16 14:39:41,352 [INFO] marker: Table processing stats: {'tables_ocr': 2, 'tables_total': 1}
  PO00000_300          40.9s    1348 chars

marker: 2 pages in 100.9s -> out/marker
Force-killed llamacpp (pid 116156)
Warning: You are sending unauthenticated requests to the HF Hub. Please set a HF_TOKEN to enable higher rate limits and faster downloads.
2026-08-16 14:42:41,410 [INFO] marker: Table processing stats: {'tables_ocr': 1, 'tables_total': 1}
  PO00001_150          64.1s    1343 chars
2026-08-16 14:43:24,763 [INFO] marker: Table processing stats: {'tables_ocr': 2, 'tables_total': 1}
  PO00001_300          43.4s    1343 chars

marker: 2 pages in 107.5s -> out/marker
Force-killed llamacpp (pid 117933)
Warning: You are sending unauthenticated requests to the HF Hub. Please set a HF_TOKEN to enable higher rate limits and faster downloads.
2026-08-16 14:44:14,762 [INFO] marker: Table processing stats: {'tables_ocr': 1, 'tables_total': 1}
  PO00002_150          34.7s    1130 chars
2026-08-16 14:44:47,595 [INFO] marker: Table processing stats: {'tables_ocr': 2, 'tables_total': 1}
  PO00002_300          32.8s    1130 chars

marker: 2 pages in 67.6s -> out/marker
Force-killed llamacpp (pid 119214)
Warning: You are sending unauthenticated requests to the HF Hub. Please set a HF_TOKEN to enable higher rate limits and faster downloads.
Warning: You are sending unauthenticated requests to the HF Hub. Please set a HF_TOKEN to enable higher rate limits and faster downloads.
Warning: You are sending unauthenticated requests to the HF Hub. Please set a HF_TOKEN to enable higher rate limits and faster downloads.
Warning: You are sending unauthenticated requests to the HF Hub. Please set a HF_TOKEN to enable higher rate limits and faster downloads.
Warning: You are sending unauthenticated requests to the HF Hub. Please set a HF_TOKEN to enable higher rate limits and faster downloads.
2026-08-16 15:01:50,756 [INFO] marker: Table processing stats: {'tables_ocr': 1, 'tables_total': 1}
  PO00007_150          39.1s    1263 chars
Warning: You are sending unauthenticated requests to the HF Hub. Please set a HF_TOKEN to enable higher rate limits and faster downloads.
Warning: You are sending unauthenticated requests to the HF Hub. Please set a HF_TOKEN to enable higher rate limits and faster downloads.
Warning: You are sending unauthenticated requests to the HF Hub. Please set a HF_TOKEN to enable higher rate limits and faster downloads.
Inference error: Request timed out.
Warning: You are sending unauthenticated requests to the HF Hub. Please set a HF_TOKEN to enable higher rate limits and faster downloads.
